[page] variant A {'ok': True, 'variant': 'A', 'md5': 'd5a6d7d289bf11f64ae94d25e56d5416'}
[PASS] T4   theme-candidate-2.0.2-A real-wp+theme+chrome one H1, the site header, footer, floating bar and accessibility button on every screen (320 px, en, real theme)
[PASS] T4   theme-candidate-2.0.2-A real-wp+theme+chrome no journey control under the floating bar, the accessibility button or the header (320 px, en, real theme)
[PASS] T4   theme-candidate-2.0.2-A real-wp+theme+chrome no overflow, 44 px targets, focus ring, no JS errors, app text 4.5:1 (320 px, en, real theme)
[PASS] T4   theme-candidate-2.0.2-A real-wp+theme+chrome first screen: the first field is not under the floating bar or the accessibility button (phones) (320 px, en, real theme)
[PASS] T4   theme-candidate-2.0.2-A real-wp+theme+chrome one "how it works" box (the journey's own on the visitor screens, no plugin box) (320 px, en, real theme)
[PASS] T4   theme-candidate-2.0.2-A real-wp+theme+chrome the page around the journey speaks the journey's language (he: the page H1; en: an English shell, lang en) (320 px, en, real theme)
[PASS] T4   theme-candidate-2.0.2-A real-wp+theme+chrome the page text around the app 4.5:1 (H1, paragraph, how-it-works) (320 px, en, real theme)
[PASS] T4   theme-candidate-2.0.2-A real-wp+theme+chrome one H1, the site header, footer, floating bar and accessibility button on every screen (360 px, en, real theme)
[PASS] T4   theme-candidate-2.0.2-A real-wp+theme+chrome no journey control under the floating bar, the accessibility button or the header (360 px, en, real theme)
[PASS] T4   theme-candidate-2.0.2-A real-wp+theme+chrome no overflow, 44 px targets, focus ring, no JS errors, app text 4.5:1 (360 px, en, real theme)
[PASS] T4   theme-candidate-2.0.2-A real-wp+theme+chrome first screen: the first field is not under the floating bar or the accessibility button (phones) (360 px, en, real theme)
[PASS] T4   theme-candidate-2.0.2-A real-wp+theme+chrome one "how it works" box (the journey's own on the visitor screens, no plugin box) (360 px, en, real theme)
[PASS] T4   theme-candidate-2.0.2-A real-wp+theme+chrome the page around the journey speaks the journey's language (he: the page H1; en: an English shell, lang en) (360 px, en, real theme)
[PASS] T4   theme-candidate-2.0.2-A real-wp+theme+chrome the page text around the app 4.5:1 (H1, paragraph, how-it-works) (360 px, en, real theme)
[PASS] T4   theme-candidate-2.0.2-A real-wp+theme+chrome one H1, the site header, footer, floating bar and accessibility button on every screen (390 px, en, real theme)
[PASS] T4   theme-candidate-2.0.2-A real-wp+theme+chrome no journey control under the floating bar, the accessibility button or the header (390 px, en, real theme)
[PASS] T4   theme-candidate-2.0.2-A real-wp+theme+chrome no overflow, 44 px targets, focus ring, no JS errors, app text 4.5:1 (390 px, en, real theme)
[PASS] T4   theme-candidate-2.0.2-A real-wp+theme+chrome first screen: the first field is not under the floating bar or the accessibility button (phones) (390 px, en, real theme)
[PASS] T4   theme-candidate-2.0.2-A real-wp+theme+chrome one "how it works" box (the journey's own on the visitor screens, no plugin box) (390 px, en, real theme)
[PASS] T4   theme-candidate-2.0.2-A real-wp+theme+chrome the page around the journey speaks the journey's language (he: the page H1; en: an English shell, lang en) (390 px, en, real theme)
[PASS] T4   theme-candidate-2.0.2-A real-wp+theme+chrome the page text around the app 4.5:1 (H1, paragraph, how-it-works) (390 px, en, real theme)
[PASS] T4   theme-candidate-2.0.2-A real-wp+theme+chrome one H1, the site header, footer, floating bar and accessibility button on every screen (412 px, en, real theme)
[PASS] T4   theme-candidate-2.0.2-A real-wp+theme+chrome no journey control under the floating bar, the accessibility button or the header (412 px, en, real theme)
[PASS] T4   theme-candidate-2.0.2-A real-wp+theme+chrome no overflow, 44 px targets, focus ring, no JS errors, app text 4.5:1 (412 px, en, real theme)
[PASS] T4   theme-candidate-2.0.2-A real-wp+theme+chrome first screen: the first field is not under the floating bar or the accessibility button (phones) (412 px, en, real theme)
[PASS] T4   theme-candidate-2.0.2-A real-wp+theme+chrome one "how it works" box (the journey's own on the visitor screens, no plugin box) (412 px, en, real theme)
[PASS] T4   theme-candidate-2.0.2-A real-wp+theme+chrome the page around the journey speaks the journey's language (he: the page H1; en: an English shell, lang en) (412 px, en, real theme)
[PASS] T4   theme-candidate-2.0.2-A real-wp+theme+chrome the page text around the app 4.5:1 (H1, paragraph, how-it-works) (412 px, en, real theme)
[PASS] T4   theme-candidate-2.0.2-A real-wp+theme+chrome one H1, the site header, footer, floating bar and accessibility button on every screen (1440 px, en, real theme)
[PASS] T4   theme-candidate-2.0.2-A real-wp+theme+chrome no journey control under the floating bar, the accessibility button or the header (1440 px, en, real theme)
[PASS] T4   theme-candidate-2.0.2-A real-wp+theme+chrome no overflow, 44 px targets, focus ring, no JS errors, app text 4.5:1 (1440 px, en, real theme)
[PASS] T4   theme-candidate-2.0.2-A real-wp+theme+chrome first screen: the first field is not under the floating bar or the accessibility button (phones) (1440 px, en, real theme)
[PASS] T4   theme-candidate-2.0.2-A real-wp+theme+chrome one "how it works" box (the journey's own on the visitor screens, no plugin box) (1440 px, en, real theme)
[PASS] T4   theme-candidate-2.0.2-A real-wp+theme+chrome the page around the journey speaks the journey's language (he: the page H1; en: an English shell, lang en) (1440 px, en, real theme)
[PASS] T4   theme-candidate-2.0.2-A real-wp+theme+chrome the page text around the app 4.5:1 (H1, paragraph, how-it-works) (1440 px, en, real theme)
