[PASS] T4   theme-candidate-2.0.1 real-wp+theme+chrome one H1, the site header, footer, floating bar and accessibility button on every screen (320 px, he, real theme)
[PASS] T4   theme-candidate-2.0.1 real-wp+theme+chrome no journey control under the floating bar, the accessibility button or the header (320 px, he, real theme)
[PASS] T4   theme-candidate-2.0.1 real-wp+theme+chrome no overflow, 44 px targets, focus ring, no JS errors, app text 4.5:1 (320 px, he, real theme)
[PASS] T4   theme-candidate-2.0.1 real-wp+theme+chrome the page text around the app 4.5:1 (H1, paragraph, how-it-works) (320 px, he, real theme)
[PASS] T4   theme-candidate-2.0.1 real-wp+theme+chrome one H1, the site header, footer, floating bar and accessibility button on every screen (390 px, he, real theme)
[PASS] T4   theme-candidate-2.0.1 real-wp+theme+chrome no journey control under the floating bar, the accessibility button or the header (390 px, he, real theme)
[PASS] T4   theme-candidate-2.0.1 real-wp+theme+chrome no overflow, 44 px targets, focus ring, no JS errors, app text 4.5:1 (390 px, he, real theme)
[PASS] T4   theme-candidate-2.0.1 real-wp+theme+chrome the page text around the app 4.5:1 (H1, paragraph, how-it-works) (390 px, he, real theme)
[PASS] T4   theme-candidate-2.0.1 real-wp+theme+chrome one H1, the site header, footer, floating bar and accessibility button on every screen (412 px, he, real theme)
[PASS] T4   theme-candidate-2.0.1 real-wp+theme+chrome no journey control under the floating bar, the accessibility button or the header (412 px, he, real theme)
[PASS] T4   theme-candidate-2.0.1 real-wp+theme+chrome no overflow, 44 px targets, focus ring, no JS errors, app text 4.5:1 (412 px, he, real theme)
[PASS] T4   theme-candidate-2.0.1 real-wp+theme+chrome the page text around the app 4.5:1 (H1, paragraph, how-it-works) (412 px, he, real theme)
[PASS] T4   theme-candidate-2.0.1 real-wp+theme+chrome one H1, the site header, footer, floating bar and accessibility button on every screen (1440 px, he, real theme)
[PASS] T4   theme-candidate-2.0.1 real-wp+theme+chrome no journey control under the floating bar, the accessibility button or the header (1440 px, he, real theme)
[PASS] T4   theme-candidate-2.0.1 real-wp+theme+chrome no overflow, 44 px targets, focus ring, no JS errors, app text 4.5:1 (1440 px, he, real theme)
[PASS] T4   theme-candidate-2.0.1 real-wp+theme+chrome the page text around the app 4.5:1 (H1, paragraph, how-it-works) (1440 px, he, real theme)
[PASS] T4   theme-candidate-2.0.1 real-wp+theme+chrome one H1, the site header, footer, floating bar and accessibility button on every screen (320 px, en, real theme)
[PASS] T4   theme-candidate-2.0.1 real-wp+theme+chrome no journey control under the floating bar, the accessibility button or the header (320 px, en, real theme)
[PASS] T4   theme-candidate-2.0.1 real-wp+theme+chrome no overflow, 44 px targets, focus ring, no JS errors, app text 4.5:1 (320 px, en, real theme)
[PASS] T4   theme-candidate-2.0.1 real-wp+theme+chrome the page text around the app 4.5:1 (H1, paragraph, how-it-works) (320 px, en, real theme)
[PASS] T4   theme-candidate-2.0.1 real-wp+theme+chrome one H1, the site header, footer, floating bar and accessibility button on every screen (390 px, en, real theme)
[PASS] T4   theme-candidate-2.0.1 real-wp+theme+chrome no journey control under the floating bar, the accessibility button or the header (390 px, en, real theme)
[PASS] T4   theme-candidate-2.0.1 real-wp+theme+chrome no overflow, 44 px targets, focus ring, no JS errors, app text 4.5:1 (390 px, en, real theme)
[PASS] T4   theme-candidate-2.0.1 real-wp+theme+chrome the page text around the app 4.5:1 (H1, paragraph, how-it-works) (390 px, en, real theme)
[PASS] T4   theme-candidate-2.0.1 real-wp+theme+chrome one H1, the site header, footer, floating bar and accessibility button on every screen (412 px, en, real theme)
[PASS] T4   theme-candidate-2.0.1 real-wp+theme+chrome no journey control under the floating bar, the accessibility button or the header (412 px, en, real theme)
[PASS] T4   theme-candidate-2.0.1 real-wp+theme+chrome no overflow, 44 px targets, focus ring, no JS errors, app text 4.5:1 (412 px, en, real theme)
[PASS] T4   theme-candidate-2.0.1 real-wp+theme+chrome the page text around the app 4.5:1 (H1, paragraph, how-it-works) (412 px, en, real theme)
[PASS] T4   theme-candidate-2.0.1 real-wp+theme+chrome one H1, the site header, footer, floating bar and accessibility button on every screen (1440 px, en, real theme)
[PASS] T4   theme-candidate-2.0.1 real-wp+theme+chrome no journey control under the floating bar, the accessibility button or the header (1440 px, en, real theme)
[PASS] T4   theme-candidate-2.0.1 real-wp+theme+chrome no overflow, 44 px targets, focus ring, no JS errors, app text 4.5:1 (1440 px, en, real theme)
[PASS] T4   theme-candidate-2.0.1 real-wp+theme+chrome the page text around the app 4.5:1 (H1, paragraph, how-it-works) (1440 px, en, real theme)
