[health] 1.72.403 ok
[page] OK  200 /professionals/?profession=lawyer missing=[] forbidden=[]
[page] OK  200 /professionals/%d7%92%d7%91%d7%90%d7%99-%d7%9e%d7%99%d7%9b%d7%90%d7%9c missing=[] forbidden=[]
[page] OK  200 /professionals/ missing=[] forbidden=[]
[page] OK  200 /projects/rainbow-tel-aviv/ missing=[] forbidden=[]
[page] OK  200 /projects/h-infinity-somail-tel-aviv/ missing=[] forbidden=[]
[page] OK  200 /projects/dimri-yama-sde-dov/ missing=[] forbidden=[]
[page] OK  200 /projects/duo-tel-aviv/ missing=[] forbidden=[]
[page] OK  200 /projects/rainbow-tel-aviv-en/ missing=[] forbidden=[]
[page] OK  200 /en/ missing=[] forbidden=[]
[page] OK  200 /projects/ missing=[] forbidden=[]
[page] OK  200 /properties/?listing_type=sale missing=[] forbidden=[]
[page] OK  200 /properties/ missing=[] forbidden=[]
[page] OK  200 /properties/?city=%D7%A0%D7%95%D7%A4%D7%99%20%D7%99%D7%9D missing=[] forbidden=[]
[page] OK  200 /properties/?city=%D7%A2%D7%99%D7%A8%D7%A9%D7%9C%D7%90%D7%A7%D7%99%D7% missing=[] forbidden=[]
[page] OK  200 /properties/florentin-tlv-2r-rent-demo/ missing=[] forbidden=[]
[page] OK  200 /properties/%d7%9c%d7%9e%d7%9b%d7%99%d7%a8%d7%94-%d7%91%d7%90%d7%95%d7 missing=[] forbidden=[]
[page] OK  200 /post-listing/ missing=[] forbidden=[]
[page] OK  200 /projects/duo-tel-aviv/ missing=[] forbidden=[]
[page] OK  200 /projects/aurelia/ missing=[] forbidden=[]
[page] OK  200 /projects/rainbow-tel-aviv-en/ missing=[] forbidden=[]
[page] OK  200 /?counts302=1 missing=[] forbidden=[]
[page] OK  200 /?map303=1 missing=[] forbidden=[]
[page] OK  200 /en/?map303=1 missing=[] forbidden=[]
[page] OK  200 /wp-json/nadlan/v1/project-map missing=[] forbidden=[]
[page] OK  200 /property-value/?pl307=1 missing=[] forbidden=[]
[page] OK  200 /?lb308=1 missing=[] forbidden=[]
[page] OK  200 /?hm309=1 missing=[] forbidden=[]
[page] OK  200 /projects/?hm309=1 missing=[] forbidden=[]
[page] OK  200 /buying-apartment/?hm309=1 missing=[] forbidden=[]
[page] OK  200 /?sv310=1 missing=[] forbidden=[]
[page] OK  200 /wp-content/plugins/nadlan-config/assets/home/tour-sdedov-dusk-640.jpg missing=[] forbidden=[]
[page] OK  200 /tour/sde-dov/?t311=1 missing=[] forbidden=[]
[page] OK  200 /tour/sde-dov/?year=2035&t311=1 missing=[] forbidden=[]
[page] OK  200 /tour/somail/?t312=1 missing=[] forbidden=[]
[page] OK  200 /tour/somail/?year=2035&t312=1 missing=[] forbidden=[]
[page] OK  200 /tour/sde-dov/?t313=1 missing=[] forbidden=[]
[page] OK  200 /wp-content/plugins/nadlan-config/assets/project-stage/tour.css?ver=1. missing=[] forbidden=[]
[page] OK  200 /wp-content/plugins/nadlan-config/assets/project-stage/rainbow/stage.c missing=[] forbidden=[]
[page] OK  200 /wp-content/plugins/nadlan-config/assets/nlds/nlds.css?ver=1.72.403 missing=[] forbidden=[]
[page] OK  200 /wp-content/plugins/nadlan-config/assets/project-stage/slice.css?ver=1 missing=[] forbidden=[]
[page] OK  200 /wp-content/plugins/nadlan-config/assets/project-stage/duo/stage.js?ve missing=[] forbidden=[]
[page] OK  200 /wp-content/plugins/nadlan-config/assets/project-stage/dimri/stage.js? missing=[] forbidden=[]
[page] OK  200 /wp-content/plugins/nadlan-config/assets/project-stage/ashira/stage.js missing=[] forbidden=[]
[page] OK  200 /wp-content/plugins/nadlan-config/assets/project-stage/slice.js?ver=1. missing=[] forbidden=[]
[page] OK  200 /wp-content/plugins/nadlan-config/assets/project-stage/bridge.js?ver=1 missing=[] forbidden=[]
[page] OK  200 /wp-content/plugins/nadlan-config/assets/showroom-engine/mapbox-init.j missing=[] forbidden=[]
[page] OK  200 /projects/duo-tel-aviv/?t344=1 missing=[] forbidden=[]
[page] OK  200 /projects/ashira-sde-dov/?t344=1 missing=[] forbidden=[]
[page] OK  200 /wp-content/plugins/nadlan-config/assets/project-stage/slice.js?ver=1. missing=[] forbidden=[]
[page] OK  200 /projects/rainbow-tel-aviv-en/?nlstage=1&t346=1 missing=[] forbidden=[]
[page] OK  200 /projects/rainbow-tel-aviv/?t346=1 missing=[] forbidden=[]
[page] OK  200 /wp-content/plugins/nadlan-config/assets/project-stage/rainbow/stage.j missing=[] forbidden=[]
[page] OK  200 /wp-content/plugins/nadlan-config/assets/project-stage/rainbow/stage.c missing=[] forbidden=[]
[page] OK  200 /wp-content/plugins/nadlan-config/assets/project-stage/duo/stage.js?ve missing=[] forbidden=[]
[page] OK  200 /wp-content/plugins/nadlan-config/assets/project-stage/duo/stage.css?v missing=[] forbidden=[]
[page] OK  200 /wp-content/plugins/nadlan-config/assets/project-stage/dimri/stage.js? missing=[] forbidden=[]
[page] OK  200 /wp-content/plugins/nadlan-config/assets/project-stage/dimri/stage.css missing=[] forbidden=[]
[page] OK  200 /wp-content/plugins/nadlan-config/assets/project-stage/ashira/stage.js missing=[] forbidden=[]
[page] OK  200 /wp-content/plugins/nadlan-config/assets/project-stage/ashira/stage.cs missing=[] forbidden=[]
[page] OK  200 /projects/rainbow-tel-aviv/?t357=1 missing=[] forbidden=[]
[page] OK  200 /wp-content/plugins/nadlan-config/assets/project-stage/rainbow/stage.j missing=[] forbidden=[]
[page] OK  200 /projects/duo-tel-aviv/?t357=1 missing=[] forbidden=[]
[page] OK  200 /wp-content/plugins/nadlan-config/assets/project-stage/duo/stage.js?ve missing=[] forbidden=[]
[page] OK  200 /projects/dimri-yama-sde-dov/?t357=1 missing=[] forbidden=[]
[page] OK  200 /wp-content/plugins/nadlan-config/assets/project-stage/dimri/stage.js? missing=[] forbidden=[]
[page] OK  200 /projects/ashira-sde-dov/?t357=1 missing=[] forbidden=[]
[page] OK  200 /wp-content/plugins/nadlan-config/assets/project-stage/ashira/stage.js missing=[] forbidden=[]
[page] OK  200 /wp-content/plugins/nadlan-config/assets/project-stage/bridge.js?ver=1 missing=[] forbidden=[]
[page] OK  200 /projects/rainbow-tel-aviv/?t361=1 missing=[] forbidden=[]
[page] OK  200 /projects/dimri-yama-sde-dov/?t361=1 missing=[] forbidden=[]
[page] OK  200 /projects/rainbow-tel-aviv-en/?t361=1 missing=[] forbidden=[]
[page] OK  200 /wp-content/plugins/nadlan-config/assets/project-stage/rainbow/places. missing=[] forbidden=[]
[page] OK  200 /wp-content/plugins/nadlan-config/assets/project-stage/arealife.js?ver missing=[] forbidden=[]
[page] OK  200 /wp-content/plugins/nadlan-config/assets/arealife/areamap.js?ver=1.72. missing=[] forbidden=[]
[page] OK  200 /wp-content/plugins/nadlan-config/assets/project-stage/bridge.js?ver=1 missing=[] forbidden=[]
[page] OK  200 /wp-content/plugins/nadlan-config/assets/project-stage/tour.js?ver=1.7 missing=[] forbidden=[]
[page] OK  200 /wp-content/plugins/nadlan-config/assets/project-stage/tour.css?ver=1. missing=[] forbidden=[]
[page] OK  200 /wp-content/plugins/nadlan-config/assets/pronet/procard.css?ver=1.72.4 missing=[] forbidden=[]
[page] OK  200 /wp-json/wp/v2/nadlan_professional/4348?_fields=meta&t362=1 missing=[] forbidden=[]
[page] OK  200 /professionals/meital-katzir/?t362=1 missing=[] forbidden=[]
[page] OK  200 /professionals/?profession=kablan&t362=1 missing=[] forbidden=[]
[page] OK  200 /projects/?t362=1 missing=[] forbidden=[]
[page] OK  200 /wp-content/plugins/nadlan-config/assets/pronet/procard.css?ver=1.72.4 missing=[] forbidden=[]
[page] OK  200 /projects/dimri-yama-sde-dov/?t365=1 missing=[] forbidden=[]
[page] OK  200 /wp-content/plugins/nadlan-config/assets/project-stage/dimri/places.js missing=[] forbidden=[]
[page] OK  200 /projects/ashira-sde-dov/?t365=1 missing=[] forbidden=[]
[page] OK  200 /wp-content/plugins/nadlan-config/assets/project-stage/ashira/places.j missing=[] forbidden=[]
[page] OK  200 /projects/duo-tel-aviv/?t365=1 missing=[] forbidden=[]
[page] OK  200 /wp-content/plugins/nadlan-config/assets/project-stage/duo/places.json missing=[] forbidden=[]
[page] OK  200 /projects/duo-tel-aviv-en/?t365=1 missing=[] forbidden=[]
[page] OK  200 /wp-content/plugins/nadlan-config/assets/project-stage/arealife.js?ver missing=[] forbidden=[]
[page] OK  200 /wp-content/plugins/nadlan-config/assets/arealife/areamap.js?ver=1.72. missing=[] forbidden=[]
[page] OK  200 /?t366=1 missing=[] forbidden=[]
[page] OK  200 /brokers/meital-katzir/?t366=1 missing=[] forbidden=[]
[page] OK  200 /en/brokers/meital-katzir/?t366=1 missing=[] forbidden=[]
[page] OK  200 /properties/nofei-yam-3-rooms-balcony-for-rent/?t366=1 missing=[] forbidden=[]
[page] OK  200 /properties/herzliya-pituach-private-estate-for-sale/?t366=1 missing=[] forbidden=[]
[page] OK  200 /projects/rainbow-tel-aviv/?t366=1 missing=[] forbidden=[]
[page] OK  200 /projects/duo-tel-aviv/?t366=1 missing=[] forbidden=[]
[page] OK  200 /projects/rainbow-tel-aviv-en/?t366=1 missing=[] forbidden=[]
[page] OK  200 /glossary/?t366=1 missing=[] forbidden=[]
[page] OK  200 /professionals/meital-katzir/?t366=1 missing=[] forbidden=[]
[page] OK  200 /ru/?t366=1 missing=[] forbidden=[]
[page] OK  200 /tour/designer/?t366=1 missing=[] forbidden=[]
[page] OK  200 /?t367=1 missing=[] forbidden=[]
[page] OK  200 /projects/rainbow-tel-aviv/?t367=1 missing=[] forbidden=[]
[page] OK  200 /brokers/meital-katzir/?t367=1 missing=[] forbidden=[]
[page] OK  200 /glossary/?t367=1 missing=[] forbidden=[]
[page] OK  200 /properties/nofei-yam-3-rooms-balcony-for-rent/?t367=1 missing=[] forbidden=[]
[page] OK  200 /projects/rainbow-tel-aviv/?t368=1 missing=[] forbidden=[]
[page] OK  200 /properties/nofei-yam-3-rooms-balcony-for-rent/?t368=1 missing=[] forbidden=[]
[page] OK  200 /glossary/?t368=1 missing=[] forbidden=[]
[page] OK  200 /en/?t368=1 missing=[] forbidden=[]
[page] OK  200 /projects/rainbow-tel-aviv-en/?t360=1 missing=[] forbidden=[]
[page] OK  200 /projects/duo-tel-aviv-ru/?t360=1 missing=[] forbidden=[]
[page] OK  200 /projects/rainbow-tel-aviv/?t360=1 missing=[] forbidden=[]
[page] OK  200 /wp-content/plugins/nadlan-config/assets/project-stage/tour.js?ver=1.7 missing=[] forbidden=[]
[page] OK  200 /wp-content/plugins/nadlan-config/assets/project-stage/tour.css?ver=1. missing=[] forbidden=[]
[page] OK  200 /projects/duo-tel-aviv/?t359=1 missing=[] forbidden=[]
[page] OK  200 /wp-content/plugins/nadlan-config/assets/project-stage/bridge.js?ver=1 missing=[] forbidden=[]
[page] OK  200 /wp-content/plugins/nadlan-config/assets/project-stage/duo/facilities. missing=[] forbidden=[]
[page] OK  200 /projects/rainbow-tel-aviv/?t358=1 missing=[] forbidden=[]
[page] OK  200 /projects/duo-tel-aviv/?t358=1 missing=[] forbidden=[]
[page] OK  200 /wp-content/plugins/nadlan-config/assets/project-stage/tour.js?ver=1.7 missing=[] forbidden=[]
[page] OK  200 /wp-content/plugins/nadlan-config/assets/project-stage/tour.css?ver=1. missing=[] forbidden=[]
[page] OK  200 /wp-content/plugins/nadlan-config/assets/project-stage/bridge.js?ver=1 missing=[] forbidden=[]
[page] OK  200 /wp-content/plugins/nadlan-config/assets/project-stage/rainbow/facilit missing=[] forbidden=[]
[page] OK  200 /wp-json/wp/v2/nadlan_professional?per_page=3&t356=1 missing=[] forbidden=[]
[page] OK  200 /wp-json/wp/v2/nadlan_project?per_page=3&t356=1 missing=[] forbidden=[]
[page] OK  200 /wp-json/wp/v2/nadlan_property?per_page=3&t356=1 missing=[] forbidden=[]
[page] OK  200 /professionals/?t356=1 missing=[] forbidden=[]
[page] OK  200 /projects/duo-tel-aviv/?t355=1 missing=[] forbidden=[]
[page] OK  200 /ar/?t354=1 missing=[] forbidden=[]
[page] OK  200 /projects/duo-tel-aviv/?t353=1 missing=[] forbidden=[]
[page] OK  200 /projects/duo-tel-aviv-en/?t353=1 missing=[] forbidden=[]
[page] OK  200 /wp-content/plugins/nadlan-config/assets/project-stage/duo/facilities. missing=[] forbidden=[]
[page] OK  200 /wp-content/plugins/nadlan-config/assets/project-stage/duo/tour/fac-po missing=[] forbidden=[]
[page] OK  200 /wp-content/plugins/nadlan-config/assets/project-stage/duo/tour/fac-lo missing=[] forbidden=[]
[page] OK  200 /wp-content/plugins/nadlan-config/assets/project-stage/duo/tour/fac-we missing=[] forbidden=[]
[page] OK  200 /wp-content/plugins/nadlan-config/assets/project-stage/duo/tour/living missing=[] forbidden=[]
[page] OK  200 /projects/rainbow-tel-aviv/?t353=1 missing=[] forbidden=[]
[page] OK  200 /projects/rainbow-tel-aviv/?t352=1 missing=[] forbidden=[]
[page] OK  200 /projects/duo-tel-aviv-ru/?t352=1 missing=[] forbidden=[]
[page] OK  200 /?t352=1 missing=[] forbidden=[]
[page] OK  200 /post-listing/?t352=1 missing=[] forbidden=[]
[page] OK  200 /projects/rainbow-tel-aviv-en/?t351=1 missing=[] forbidden=[]
[page] OK  200 /projects/duo-tel-aviv-fr/?t351=1 missing=[] forbidden=[]
[page] OK  200 /projects/dimri-yama-sde-dov-ru/?t351=1 missing=[] forbidden=[]
[page] OK  200 /projects/ashira-sde-dov-ar/?t351=1 missing=[] forbidden=[]
[page] OK  200 /projects/rainbow-tel-aviv/?t351=1 missing=[] forbidden=[]
[page] OK  200 /projects/zohi-sde-dov-en/?t351=1 missing=[] forbidden=[]
[page] OK  200 /projects/rainbow-tel-aviv-en/?nlstage=1&t350=1 missing=[] forbidden=[]
[page] OK  200 /projects/duo-tel-aviv-ru/?nlstage=1&t350=1 missing=[] forbidden=[]
[page] OK  200 /projects/rainbow-tel-aviv/?t350=1 missing=[] forbidden=[]
[page] OK  200 /ru/guides/new-apartment-mamad/?t350=1 missing=[] forbidden=[]
[page] OK  200 /fr/guides/new-apartment-mamad/?t350=1 missing=[] forbidden=[]
[page] OK  200 /wp-content/plugins/nadlan-config/assets/project-stage/slice.js?ver=1. missing=[] forbidden=[]
[page] OK  200 /wp-content/plugins/nadlan-config/assets/project-stage/bridge.js?ver=1 missing=[] forbidden=[]
[page] OK  200 /wp-content/plugins/nadlan-config/assets/project-stage/rainbow/stage.j missing=[] forbidden=[]
[page] OK  200 /wp-content/plugins/nadlan-config/assets/project-stage/duo/stage.js?ve missing=[] forbidden=[]
[page] OK  200 /wp-content/plugins/nadlan-config/assets/project-stage/dimri/stage.js? missing=[] forbidden=[]
[page] OK  200 /wp-content/plugins/nadlan-config/assets/project-stage/ashira/stage.js missing=[] forbidden=[]
[page] OK  200 /fr/?t349=1 missing=[] forbidden=[]
[page] OK  200 /ru/?t349=1 missing=[] forbidden=[]
[page] OK  200 /en/?t349=1 missing=[] forbidden=[]
[page] OK  200 /projects/rainbow-tel-aviv-en/?t349=1 missing=[] forbidden=[]
[page] OK  200 /projects/rainbow-tel-aviv/?t349=1 missing=[] forbidden=[]
[page] OK  200 /en/?t348=1 missing=[] forbidden=[]
[page] OK  200 /ru/?t348=1 missing=[] forbidden=[]
[page] OK  200 /ar/?t348=1 missing=[] forbidden=[]
[page] OK  200 /en/guides/new-apartment-sale-specification/?t348=1 missing=[] forbidden=[]
[page] OK  200 /projects/rainbow-tel-aviv-en/?t348=1 missing=[] forbidden=[]
[page] OK  200 /projects/rainbow-tel-aviv/?t348=1 missing=[] forbidden=[]
[page] OK  200 /?t348=1 missing=[] forbidden=[]
[page] OK  200 /wp-content/plugins/nadlan-config/i18n/lang-other.json?t348=1 missing=[] forbidden=[]
[page] OK  200 /projects/rainbow-tel-aviv-en/?nlstage=1&t347=1 missing=[] forbidden=[]
[page] OK  200 /projects/duo-tel-aviv/?t347=1 missing=[] forbidden=[]
[page] OK  200 /projects/rainbow-tel-aviv/?t342=1 missing=[] forbidden=[]
[page] OK  200 /projects/duo-tel-aviv/?t342=1 missing=[] forbidden=[]
[page] OK  200 /wp-content/plugins/nadlan-config/assets/project-stage/rainbow/stage.j missing=[] forbidden=[]
[page] OK  200 /wp-content/plugins/nadlan-config/assets/project-stage/bridge.js?ver=1 missing=[] forbidden=[]
[page] OK  200 /wp-content/plugins/nadlan-config/assets/project-stage/slice.js?ver=1. missing=[] forbidden=[]
[page] OK  200 /wp-content/plugins/nadlan-config/assets/project-stage/slice.css?ver=1 missing=[] forbidden=[]
[page] OK  200 /projects/first-sde-dov/?t341=1 missing=[] forbidden=[]
[page] OK  200 /projects/yoo-tel-aviv/?t341=1 missing=[] forbidden=[]
[page] OK  200 /projects/rainbow-tel-aviv/?t341=1 missing=[] forbidden=[]
[page] OK  200 /projects/ashira-sde-dov/?t341=1 missing=[] forbidden=[]
[page] OK  200 /projects/%D7%94%D7%92%D7%A4%D7%9F-8-10-%D7%A8%D7%92/?t341=1 missing=[] forbidden=[]
[page] OK  200 /projects/rainbow-tel-aviv/?t340=1 missing=[] forbidden=[]
[page] OK  200 /projects/duo-tel-aviv/?t340=1 missing=[] forbidden=[]
[page] OK  200 /projects/ashira-sde-dov/?t340=1 missing=[] forbidden=[]
[page] OK  200 /projects/h-infinity-somail-tel-aviv/?t340=1 missing=[] forbidden=[]
[page] OK  200 /projects/rainbow-tel-aviv-en/?t340=1 missing=[] forbidden=[]
[page] OK  200 /wp-json/nadlan/v1/basket/pros?profession=lawyer&city=%D7%AA%D7%9C%20% missing=[] forbidden=[]
[page] OK  200 /wp-content/plugins/nadlan-config/assets/basket/basket.js?ver=1.72.403 missing=[] forbidden=[]
[page] OK  200 /wp-content/plugins/nadlan-config/assets/project-stage/duo/stage.js?ve missing=[] forbidden=[]
[page] OK  200 /wp-content/plugins/nadlan-config/assets/project-stage/ashira/stage.cs missing=[] forbidden=[]
[page] OK  200 /projects/rainbow-tel-aviv/?t339=1 missing=[] forbidden=[]
[page] OK  200 /wp-content/plugins/nadlan-config/assets/project-stage/rainbow/tour/li missing=[] forbidden=[]
[page] OK  200 /wp-content/plugins/nadlan-config/assets/project-stage/rainbow/tour/li missing=[] forbidden=[]
[page] OK  200 /projects/rainbow-tel-aviv-en/?t339=1 missing=[] forbidden=[]
[page] OK  200 /projects/rainbow-tel-aviv-en/?t338=1 missing=[] forbidden=[]
[page] OK  200 /projects/duo-tel-aviv-ar/?t338=1 missing=[] forbidden=[]
[page] OK  200 /projects/dimri-yama-sde-dov-ru/?t338=1 missing=[] forbidden=[]
[page] OK  200 /projects/the-park-bnei-brak-fr/?t338=1 missing=[] forbidden=[]
[page] OK  200 /projects/rainbow-tel-aviv/?t338=1 missing=[] forbidden=[]
[page] OK  200 /projects/h-infinity-somail-tel-aviv/?t338=1 missing=[] forbidden=[]
[page] OK  200 /projects/rainbow-tel-aviv/?t337=1 missing=[] forbidden=[]
[page] OK  200 /wp-content/plugins/nadlan-config/assets/project-stage/rainbow/stage.j missing=[] forbidden=[]
[page] OK  200 /wp-content/plugins/nadlan-config/assets/project-stage/bridge.js?ver=1 missing=[] forbidden=[]
[page] OK  200 /wp-content/plugins/nadlan-config/assets/project-stage/rainbow/stage.c missing=[] forbidden=[]
[page] OK  200 /projects/dimri-yama-sde-dov/?t336=1 missing=[] forbidden=[]
[page] OK  200 /projects/ashira-sde-dov/?t336=1 missing=[] forbidden=[]
[page] OK  200 /wp-content/plugins/nadlan-config/assets/project-stage/dimri/stage.js? missing=[] forbidden=[]
[page] OK  200 /wp-content/plugins/nadlan-config/assets/project-stage/ashira/stage.js missing=[] forbidden=[]
[page] OK  200 /projects/dimri-yama-sde-dov-en/?t336=1 missing=[] forbidden=[]
[page] OK  200 /projects/rainbow-tel-aviv/?t335=1 missing=[] forbidden=[]
[page] OK  200 /wp-content/plugins/nadlan-config/assets/project-stage/tour.js?ver=1.7 missing=[] forbidden=[]
[page] OK  200 /wp-content/plugins/nadlan-config/assets/project-stage/tour.css?ver=1. missing=[] forbidden=[]
[page] OK  200 /projects/duo-tel-aviv/?t335=1 missing=[] forbidden=[]
[page] OK  200 /projects/rainbow-tel-aviv/?t334=1 missing=[] forbidden=[]
[page] OK  200 /projects/duo-tel-aviv/?t334=1 missing=[] forbidden=[]
[page] OK  200 /wp-json/nadlan/v1/room/available missing=[] forbidden=[]
[page] OK  200 /wp-content/plugins/nadlan-config/assets/together/together.js?ver=1.72 missing=[] forbidden=[]
[page] OK  200 /wp-content/plugins/nadlan-config/assets/project-stage/rainbow/stage.j missing=[] forbidden=[]
[page] OK  200 /projects/h-infinity-somail-tel-aviv/?t334=1 missing=[] forbidden=[]
[page] OK  200 /projects/duo-tel-aviv/?t333=1 missing=[] forbidden=[]
[page] OK  200 /projects/rainbow-tel-aviv/?t333=1 missing=[] forbidden=[]
[page] OK  200 /wp-content/plugins/nadlan-config/assets/project-stage/duo/stage.js?ve missing=[] forbidden=[]
[page] OK  200 /projects/duo-tel-aviv-en/?t333=1 missing=[] forbidden=[]
[page] OK  200 /projects/rainbow-tel-aviv/?t332=1 missing=[] forbidden=[]
[page] OK  200 /projects/rainbow-tel-aviv/?t331=1 missing=[] forbidden=[]
[page] OK  200 /projects/duo-tel-aviv/?t331=1 missing=[] forbidden=[]
[page] OK  200 /tour/somail/?t330=1 missing=[] forbidden=[]
[page] OK  200 /tour/sde-dov/?t330=1 missing=[] forbidden=[]
[page] OK  200 /projects/rainbow-tel-aviv/?t329=1 missing=[] forbidden=[]
[page] OK  200 /projects/dimri-yama-sde-dov/?t329=1 missing=[] forbidden=[]
[page] OK  200 /projects/rainbow-tel-aviv/?t328=1 missing=[] forbidden=[]
[page] OK  200 /projects/duo-tel-aviv/?t328=1 missing=[] forbidden=[]
[page] OK  200 /projects/duo-tel-aviv-en/?t328=1 missing=[] forbidden=[]
[page] OK  200 /projects/rainbow-tel-aviv/?t327=1 missing=[] forbidden=[]
[page] OK  200 /wp-content/plugins/nadlan-config/assets/project-stage/rainbow/stage.j missing=[] forbidden=[]
[page] OK  200 /wp-content/plugins/nadlan-config/assets/project-stage/rainbow/stage.c missing=[] forbidden=[]
[page] OK  200 /wp-content/plugins/nadlan-config/assets/project-stage/bridge.js?ver=1 missing=[] forbidden=[]
[page] OK  200 /wp-content/plugins/nadlan-config/assets/project-stage/rainbow/facilit missing=[] forbidden=[]
[page] OK  200 /projects/duo-tel-aviv/?t327=1 missing=[] forbidden=[]
[page] OK  200 /tour/sde-dov/?t326=1 missing=[] forbidden=[]
[page] OK  200 /tour/somail/?t326=1 missing=[] forbidden=[]
[page] OK  200 /?t326=1 missing=[] forbidden=[]
[page] OK  200 /brokers/meital-katzir/?t325=1 missing=[] forbidden=[]
[page] OK  200 /site-map/?t325=1 missing=[] forbidden=[]
[page] OK  200 /buying-apartment/?t325=1 missing=[] forbidden=[]
[page] OK  200 /?t324=1 missing=[] forbidden=[]
[page] OK  200 /projects/?t324=1 missing=[] forbidden=[]
[page] OK  200 /projects/duo-tel-aviv/?t324=1 missing=[] forbidden=[]
[page] OK  200 /properties/?t324=1 missing=[] forbidden=[]
[page] OK  200 /brokers/?t324=1 missing=[] forbidden=[]
[page] OK  200 /buying-apartment/?t324=1 missing=[] forbidden=[]
[page] OK  200 /en/?t324=1 missing=[] forbidden=[]
[page] OK  200 /site-map/?t324=1 missing=[] forbidden=[]
[page] OK  200 /post-listing/?t324=1 missing=[] forbidden=[]
[page] OK  200 /mortgage-calculator/?t324=1 missing=[] forbidden=[]
[page] OK  200 /professionals/?t324=1 missing=[] forbidden=[]
[page] OK  200 /projects/duo-tel-aviv/?t323=1 missing=[] forbidden=[]
[page] OK  200 /projects/h-infinity-somail-tel-aviv/?t323=1 missing=[] forbidden=[]
[page] OK  200 /projects/einstein-tower/?t323=1 missing=[] forbidden=[]
[page] OK  200 /projects/rainbow-tel-aviv/?t323=1 missing=[] forbidden=[]
[page] OK  200 /projects/ashira-sde-dov-en/?t323=1 missing=[] forbidden=[]
[page] OK  200 /projects/rainbow-tel-aviv/?t322=1 missing=[] forbidden=[]
[page] OK  200 /projects/dimri-yama-sde-dov/?t322=1 missing=[] forbidden=[]
[page] OK  200 /projects/ashira-sde-dov/?t322=1 missing=[] forbidden=[]
[page] OK  200 /projects/h-infinity-somail-tel-aviv/?t322=1 missing=[] forbidden=[]
[page] OK  200 /projects/duo-tel-aviv/?t321=1 missing=[] forbidden=[]
[page] OK  200 /projects/dimri-yama-sde-dov/?t321=1 missing=[] forbidden=[]
[page] OK  200 /projects/ashira-sde-dov/?t321=1 missing=[] forbidden=[]
[page] OK  200 /buying-apartment/?t321=1 missing=[] forbidden=[]
[page] OK  200 /projects/einstein-tower/?t320=1 missing=[] forbidden=[]
[page] OK  200 /projects/duo-tel-aviv/?t320=1 missing=[] forbidden=[]
[page] OK  200 /projects/dimri-yama-sde-dov/?t320=1 missing=[] forbidden=[]
[page] OK  200 /projects/duo-tel-aviv/?t319=1 missing=[] forbidden=[]
[page] OK  200 /projects/duo-tel-aviv/?t318=1 missing=[] forbidden=[]
[page] OK  200 /projects/einstein-tower/?t318=1 missing=[] forbidden=[]
[page] OK  200 /projects/ashira-sde-dov-en/?t318=1 missing=[] forbidden=[]
[page] OK  200 /projects/rainbow-tel-aviv/?t317=1 missing=[] forbidden=[]
[page] OK  200 /tour/sde-dov/?t314=1 missing=[] forbidden=[]
[page] OK  200 /tour/somail/?t314=1 missing=[] forbidden=[]
[page] OK  200 /tour/somail/?t313=1 missing=[] forbidden=[]
[page] OK  200 /wp-content/plugins/nadlan-config/assets/tours/narr-sdedov-he-3-v2.mp3 missing=[] forbidden=[]
[page] OK  200 /properties/page/2/ missing=[] forbidden=[]
[page] OK  200 /buying-apartment/ missing=[] forbidden=[]
[page] OK  200 /premium/ missing=[] forbidden=[]
[page] OK  200 /ru/ missing=[] forbidden=[]
[page] OK  200 /ar/ missing=[] forbidden=[]
[page] OK  200 /projects/aurelia/ missing=[] forbidden=[]
[page] OK  200 / missing=[] forbidden=[]
[page] OK  200 /brokers/ missing=[] forbidden=[]
[page] OK  200 /brokers/meital-katzir/ missing=[] forbidden=[]
[page] OK  200 /professionals/meital-katzir/ missing=[] forbidden=[]
[page] OK  200 /projects/hamedina/ missing=[] forbidden=[]
[page] OK  200 /projects/hamedina-en/ missing=[] forbidden=[]
[page] OK  200 /projects/hamedina-fr/ missing=[] forbidden=[]
[page] OK  200 /projects/hamedina-ru/ missing=[] forbidden=[]
[page] OK  200 /projects/hamedina-ar/ missing=[] forbidden=[]
[page] OK  200 /wp-content/plugins/nadlan-config/assets/project-stage/world/world.js? missing=[] forbidden=[]
[page] OK  200 /wp-content/plugins/nadlan-config/assets/project-stage/world/world.css missing=[] forbidden=[]
[page] OK  200 /wp-content/plugins/nadlan-config/assets/project-stage/hamedina/world. missing=[] forbidden=[]
[page] OK  200 /wp-content/plugins/nadlan-config/assets/project-stage/hamedina/places missing=[] forbidden=[]
[page] OK  200 /wp-content/plugins/nadlan-config/assets/project-stage/hamedina/world- missing=[] forbidden=[]
[page] OK  200 /glossary/?t371=1 missing=[] forbidden=[]
[page] OK  200 /projects/hamedina/ missing=[] forbidden=[]
[page] OK  200 /projects/hamedina-en/ missing=[] forbidden=[]
[page] OK  200 /projects/hamedina-ar/ missing=[] forbidden=[]
[page] OK  200 /projects/rainbow-tel-aviv/ missing=[] forbidden=[]
[page] OK  200 /wp-content/plugins/nadlan-config/assets/project-stage/world/world.js? missing=[] forbidden=[]
[page] OK  200 /wp-content/plugins/nadlan-config/assets/project-stage/world/world.css missing=[] forbidden=[]
[page] OK  200 /wp-content/plugins/nadlan-config/assets/arealife/areamap.js?ver=1.72. missing=[] forbidden=[]
[page] OK  200 /wp-content/plugins/nadlan-config/assets/arealife/place-icons.js?ver=1 missing=[] forbidden=[]
[page] OK  200 /wp-content/plugins/nadlan-config/assets/project-stage/world/world.js? missing=[] forbidden=[]
[page] OK  200 /projects/hamedina/ missing=[] forbidden=[]
[page] OK  200 /wp-content/plugins/nadlan-config/assets/project-stage/world/world.js? missing=[] forbidden=[]
[page] OK  200 /wp-content/plugins/nadlan-config/assets/project-stage/world/world.css missing=[] forbidden=[]
[page] OK  200 /wp-content/plugins/nadlan-config/assets/arealife/areamap.js?ver=1.72. missing=[] forbidden=[]
[page] OK  200 /wp-content/plugins/nadlan-config/assets/arealife/areamap.js?ver=1.72. missing=[] forbidden=[]
[page] OK  200 /wp-content/plugins/nadlan-config/assets/project-stage/world/world.js? missing=[] forbidden=[]
[page] OK  200 /wp-content/plugins/nadlan-config/assets/project-stage/world/world.css missing=[] forbidden=[]
[page] OK  200 /wp-content/plugins/nadlan-config/assets/project-stage/hamedina/places missing=[] forbidden=[]
[page] OK  200 /projects/hamedina/ missing=[] forbidden=[]
[page] OK  200 /projects/hamedina-ar/ missing=[] forbidden=[]
[page] OK  200 /projects/rainbow-tel-aviv/ missing=[] forbidden=[]
[page] OK  200 /projects/hamedina/ missing=[] forbidden=[]
[page] OK  200 /projects/rainbow-tel-aviv/ missing=[] forbidden=[]
[page] OK  200 /wp-content/plugins/nadlan-config/assets/project-stage/world/world.js? missing=[] forbidden=[]
[page] OK  200 /wp-content/plugins/nadlan-config/assets/project-stage/world/world.js? missing=[] forbidden=[]
[page] OK  200 /wp-content/plugins/nadlan-config/assets/project-stage/world/world.css missing=[] forbidden=[]
[page] OK  200 /wp-content/plugins/nadlan-config/assets/project-stage/world/example.j missing=[] forbidden=[]
[page] OK  200 /wp-content/plugins/nadlan-config/assets/project-stage/hamedina/tour/e missing=[] forbidden=[]
[page] OK  200 /wp-content/plugins/nadlan-config/assets/project-stage/hamedina/tour/l missing=[] forbidden=[]
[page] OK  200 /wp-content/plugins/nadlan-config/assets/project-stage/hamedina/tour/l missing=[] forbidden=[]
[page] OK  200 /wp-content/plugins/nadlan-config/assets/project-stage/world/world.js? missing=[] forbidden=[]
[page] OK  200 /wp-content/plugins/nadlan-config/assets/project-stage/world/world.css missing=[] forbidden=[]
[page] OK  200 /wp-content/plugins/nadlan-config/assets/project-stage/world/world.js? missing=[] forbidden=[]
[page] OK  200 /wp-content/plugins/nadlan-config/assets/project-stage/world/world.js? missing=[] forbidden=[]
[page] OK  200 /wp-content/plugins/nadlan-config/assets/project-stage/hamedina/places missing=[] forbidden=[]
[page] OK  200 /wp-content/plugins/nadlan-config/assets/project-stage/world/world.js? missing=[] forbidden=[]
[page] OK  200 /wp-content/plugins/nadlan-config/assets/project-stage/world/world.css missing=[] forbidden=[]
[page] OK  200 /wp-content/plugins/nadlan-config/assets/project-stage/world/world.js? missing=[] forbidden=[]
[page] OK  200 /wp-content/plugins/nadlan-config/assets/project-stage/world/world.css missing=[] forbidden=[]
[page] OK  200 /wp-content/plugins/nadlan-config/assets/project-stage/hamedina/world. missing=[] forbidden=[]
[page] OK  200 /wp-content/plugins/nadlan-config/assets/project-stage/world/world.js? missing=[] forbidden=[]
[page] OK  200 /wp-content/plugins/nadlan-config/assets/project-stage/world/world.css missing=[] forbidden=[]
[page] OK  200 /wp-content/plugins/nadlan-config/assets/project-stage/hamedina/world. missing=[] forbidden=[]
[page] OK  200 /projects/hamedina/ missing=[] forbidden=[]
[page] OK  200 /projects/hamedina-en/ missing=[] forbidden=[]
[page] OK  200 /projects/hamedina-fr/ missing=[] forbidden=[]
[page] OK  200 /projects/hamedina-ru/ missing=[] forbidden=[]
[page] OK  200 /projects/hamedina-ar/ missing=[] forbidden=[]
[page] OK  200 /wp-content/plugins/nadlan-config/assets/project-stage/world/world.js? missing=[] forbidden=[]
[page] OK  200 /wp-content/plugins/nadlan-config/assets/project-stage/world/world.css missing=[] forbidden=[]
[page] OK  200 /wp-content/plugins/nadlan-config/assets/basket/basket.js?ver=1.72.403 missing=[] forbidden=[]
[page] OK  200 /projects/hamedina/ missing=[] forbidden=[]
[page] OK  200 /projects/hamedina-en/ missing=[] forbidden=[]
[page] OK  200 /projects/hamedina-fr/ missing=[] forbidden=[]
[page] OK  200 /projects/hamedina-ru/ missing=[] forbidden=[]
[page] OK  200 /projects/hamedina-ar/ missing=[] forbidden=[]
[page] OK  200 /wp-content/plugins/nadlan-config/assets/project-stage/world/example.j missing=[] forbidden=[]
[page] OK  200 /wp-content/plugins/nadlan-config/assets/project-stage/world/world.js? missing=[] forbidden=[]
[page] OK  200 /wp-content/plugins/nadlan-config/assets/basket/basket.js?ver=1.72.403 missing=[] forbidden=[]
[page] OK  200 /wp-content/plugins/nadlan-config/assets/project-stage/hamedina/tour/e missing=[] forbidden=[]
[page] OK  200 /wp-content/plugins/nadlan-config/assets/project-stage/world/example.j missing=[] forbidden=[]
[page] OK  200 /wp-content/plugins/nadlan-config/assets/project-stage/hamedina/tour/e missing=[] forbidden=[]
[page] OK  200 /wp-content/plugins/nadlan-config/assets/project-stage/world/example.j missing=[] forbidden=[]
[page] OK  200 /wp-content/plugins/nadlan-config/assets/project-stage/hamedina/tour/e missing=[] forbidden=[]
[page] OK  200 /wp-content/plugins/nadlan-config/assets/project-stage/tour.js?ver=1.7 missing=[] forbidden=[]
[page] OK  200 /wp-content/plugins/nadlan-config/assets/project-stage/world/example.j missing=[] forbidden=[]
[page] OK  200 /wp-content/plugins/nadlan-config/assets/project-stage/world/example.c missing=[] forbidden=[]
[page] OK  200 /wp-content/plugins/nadlan-config/assets/project-stage/hamedina/tour/e missing=[] forbidden=[]
[page] OK  200 /wp-content/plugins/nadlan-config/assets/project-stage/tour.js?ver=1.7 missing=[] forbidden=[]
[page] OK  200 /wp-content/plugins/nadlan-config/assets/project-stage/world/world.js? missing=[] forbidden=[]
[page] OK  200 /wp-content/plugins/nadlan-config/assets/project-stage/world/example.j missing=[] forbidden=[]
[page] OK  200 /projects/hamedina/ missing=[] forbidden=[]
[page] OK  200 /projects/hamedina-en/ missing=[] forbidden=[]
[page] OK  200 /wp-content/plugins/nadlan-config/assets/project-stage/rainbow/stage.j missing=[] forbidden=[]
[page] OK  200 /projects/hamedina/ missing=[] forbidden=[]
[page] OK  200 /projects/rainbow-tel-aviv/ missing=[] forbidden=[]
[page] OK  200 /wp-content/plugins/nadlan-config/i18n/lang-pages.json?ver=1.72.403 missing=[] forbidden=[]
[page] OK  200 /projects/duo-tel-aviv-en/ missing=[] forbidden=[]
[page] OK  200 /projects/duo-tel-aviv-ru/ missing=[] forbidden=[]
[page] OK  200 /projects/duo-tel-aviv/ missing=[] forbidden=[]
[page] OK  200 /projects/hamedina/ missing=[] forbidden=[]
[page] OK  200 /projects/hamedina-en/ missing=[] forbidden=[]
[page] OK  200 /projects/hamedina-fr/ missing=[] forbidden=[]
[page] OK  200 /projects/hamedina-ru/ missing=[] forbidden=[]
[page] OK  200 /projects/hamedina-ar/ missing=[] forbidden=[]
[page] OK  200 /projects/rainbow-tel-aviv/ missing=[] forbidden=[]
[page] OK  200 /projects/duo-tel-aviv/ missing=[] forbidden=[]
[page] OK  200 /projects/hamedina/ missing=[] forbidden=[]
[page] OK  200 /projects/hamedina-en/ missing=[] forbidden=[]
[page] OK  200 /projects/hamedina/ missing=[] forbidden=[]
[page] OK  200 /projects/hamedina-en/ missing=[] forbidden=[]
[page] OK  200 /projects/hamedina-fr/ missing=[] forbidden=[]
[page] OK  200 /projects/hamedina-ru/ missing=[] forbidden=[]
[page] OK  200 /projects/hamedina-ar/ missing=[] forbidden=[]
[order] OK  [('<h1 id="nl-project-pag', 16020), ('class="nl-lead"', 16242), ('nlps-hero__cta', 16810), ('id="nlps"', 18431), ('class="nlbsq"', 44712), ('class="nlpf"', 47655), ('id="nlps-view"', 49028), ('id="nlpjx-map"', 50422), ('id="nlps-tour"', 71553), ('class="nlpd"', 113275), ('nlcp-projctx', 116810), ('class="nl-projnotice"', 122725), ('nadlan-project-article', 122981)] maps=1
[home-order] OK  [('id="nlhp-top"', 504), ('id="nlhp-hero"', 14386), ('<h1>', 15247), ('<nav class="nlhp-c', 17677), ('<section class="nl', 20857), ('<section class="nl', 21981), ('<section class="nl', 25898), ('<section class="nl', 46093), ('<section class="nl', 49808), ('<section class="nl', 54479), ('<section class="nl', 85658), ('nlhv2-alt nlhp-mag', 94680), ('<section class="nl', 96165), ('<section class="nl', 98800), ('<section class="nl', 99362), ('<section class="nl', 101099)]
[kh] OK  /projects/hamedina/ order=[('<h1 id="nl-project', 15998), ('class="nl-lead"', 16248), ('nlps-hero__cta', 16837), ('id="nlps"', 18237), ('class="nlpf"', 22689), ('id="nlpjx-map"', 24108), ('class="nlpd"', 50658), ('class="nl-projnoti', 56840), ('nadlan-project-art', 57114), ('id="nlws-facts"', 59088), ('id="nlws-prices"', 72729), ('id="nlws-sale"', 85498), ('id="nlws-when"', 88011), ('id="nlws-faq"', 101629)] counts={'h1': 1, 'FAQPage': 1, 'BreadcrumbList': 1, 'map': 1} hreflang=[1, 1, 1, 1, 1, 1] wa_bar=True first_screen={'hero3': True, 'cta_before_world': True, 'lane': True, 'pill_slot': True, 'cyr': True}
[kh] OK  /projects/hamedina-en/ order=[('<h1 id="nl-project', 3588), ('class="nl-lead"', 3790), ('nlps-hero__cta', 4427), ('id="nlps"', 5709), ('class="nlpf"', 9136), ('id="nlpjx-map"', 10633), ('class="nl-projnoti', 41987), ('nadlan-project-art', 42380), ('id="nlws-facts"', 42440), ('id="nlws-prices"', 56982), ('id="nlws-sale"', 70982), ('id="nlws-when"', 73609), ('id="nlws-faq"', 88084)] counts={'h1': 1, 'FAQPage': 1, 'BreadcrumbList': 1, 'map': 1} hreflang=[1, 1, 1, 1, 1, 1] wa_bar=True first_screen={'hero3': True, 'cta_before_world': True, 'lane': True, 'pill_slot': True, 'cyr': True}
[kh] OK  /projects/hamedina-fr/ order=[('<h1 id="nl-project', 3606), ('class="nl-lead"', 3815), ('nlps-hero__cta', 4460), ('id="nlps"', 5766), ('class="nlpf"', 9307), ('id="nlpjx-map"', 10864), ('class="nl-projnoti', 42392), ('nadlan-project-art', 42814), ('id="nlws-facts"', 42874), ('id="nlws-prices"', 57188), ('id="nlws-sale"', 72320), ('id="nlws-when"', 75116), ('id="nlws-faq"', 89964)] counts={'h1': 1, 'FAQPage': 1, 'BreadcrumbList': 1, 'map': 1} hreflang=[1, 1, 1, 1, 1, 1] wa_bar=True first_screen={'hero3': True, 'cta_before_world': True, 'lane': True, 'pill_slot': True, 'cyr': True}
[kh] OK  /projects/hamedina-ru/ order=[('<h1 id="nl-project', 3574), ('class="nl-lead"', 3776), ('nlps-hero__cta', 4496), ('id="nlps"', 6134), ('class="nlpf"', 10441), ('id="nlpjx-map"', 11944), ('class="nl-projnoti', 43201), ('nadlan-project-art', 43594), ('id="nlws-facts"', 43654), ('id="nlws-prices"', 60042), ('id="nlws-sale"', 75992), ('id="nlws-when"', 79169), ('id="nlws-faq"', 96391)] counts={'h1': 1, 'FAQPage': 1, 'BreadcrumbList': 1, 'map': 1} hreflang=[1, 1, 1, 1, 1, 1] wa_bar=True first_screen={'hero3': True, 'cta_before_world': True, 'lane': True, 'pill_slot': True, 'cyr': True}
[kh] OK  /projects/hamedina-ar/ order=[('<h1 id="nl-project', 3576), ('class="nl-lead"', 3770), ('nlps-hero__cta', 4392), ('id="nlps"', 5908), ('class="nlpf"', 10024), ('id="nlpjx-map"', 11480), ('class="nl-projnoti', 42715), ('nadlan-project-art', 43021), ('id="nlws-facts"', 43081), ('id="nlws-prices"', 57298), ('id="nlws-sale"', 70762), ('id="nlws-when"', 73285), ('id="nlws-faq"', 87313)] counts={'h1': 1, 'FAQPage': 1, 'BreadcrumbList': 1, 'map': 1} hreflang=[1, 1, 1, 1, 1, 1] wa_bar=True first_screen={'hero3': True, 'cta_before_world': True, 'lane': True, 'pill_slot': True, 'cyr': True}
[verify403] ALL GREEN {"verify_pages": [], "served_exact": true, "verify_order": true, "verify_home_order": true, "verify_kh": true}
